// Jest Snapshot v1, https://goo.gl/fbAQLP

exports[`<Header /> should render 1`] = `
<header
  className="mb-12 mt-6 flex flex-col gap-4 leading-8"
>
  <nav
    className="flex flex-col justify-between gap-4 whitespace-nowrap sm:flex-row"
  >
    <div
      className="text-2xl font-bold text-gray-900"
    >
      <span
        className="hover:underline"
      >
        <a
          href="/"
        >
          Broken Robot
        </a>
      </span>
    </div>
    <div
      className="flex flex-nowrap gap-6 text-gray-600 sm:gap-10"
    >
      <span
        className="hover:underline"
      >
        <a
          href="/"
        >
          Home
        </a>
      </span>
      <span
        className="hover:underline"
      >
        <a
          href="/blog"
        >
          Blog
        </a>
      </span>
      <span
        className="hover:underline"
      >
        <a
          href="/about-me"
        >
          About me
        </a>
      </span>
      <svg
        fill="none"
        height="28"
        onClick={[Function]}
        stroke="currentColor"
        strokeLinecap="round"
        strokeLinejoin="round"
        strokeWidth="2"
        style={
          {
            "color": undefined,
          }
        }
        viewBox="0 0 24 24"
        width="28"
        xmlns="http://www.w3.org/2000/svg"
      >
        <circle
          cx="12"
          cy="12"
          r="5"
        />
        <line
          x1="12"
          x2="12"
          y1="1"
          y2="3"
        />
        <line
          x1="12"
          x2="12"
          y1="21"
          y2="23"
        />
        <line
          x1="4.22"
          x2="5.64"
          y1="4.22"
          y2="5.64"
        />
        <line
          x1="18.36"
          x2="19.78"
          y1="18.36"
          y2="19.78"
        />
        <line
          x1="1"
          x2="3"
          y1="12"
          y2="12"
        />
        <line
          x1="21"
          x2="23"
          y1="12"
          y2="12"
        />
        <line
          x1="4.22"
          x2="5.64"
          y1="19.78"
          y2="18.36"
        />
        <line
          x1="18.36"
          x2="19.78"
          y1="5.64"
          y2="4.22"
        />
      </svg>
    </div>
  </nav>
  <hr />
</header>
`;
