// Jest Snapshot v1, https://goo.gl/fbAQLP

exports[`<Header /> should render 1`] = `
<header
  className="mb-12 mt-6 flex flex-col gap-4 leading-8"
>
  <nav
    className="flex flex-col justify-between gap-4 whitespace-nowrap sm:flex-row"
  >
    <div
      className="text-2xl font-bold text-gray-900"
    >
      <span
        className="hover:underline"
      >
        <a
          href="/"
        >
          Broken Robot
        </a>
      </span>
    </div>
    <div
      className="flex flex-nowrap gap-6 text-gray-600 sm:gap-10"
    >
      <span
        className="hover:underline"
      >
        <a
          href="/"
        >
          Home
        </a>
      </span>
      <span
        className="hover:underline"
      >
        <a
          href="/blog"
        >
          Blog
        </a>
      </span>
      <span
        className="hover:underline"
      >
        <a
          href="/about-me"
        >
          About me
        </a>
      </span>
    </div>
  </nav>
  <hr />
</header>
`;
